{
  "ip": 0,
  "fr": 60,
  "v": "5.1.7",
  "layers": [
    {
      "ty": 4,
      "nm": "heart icon",
      "ip": 0,
      "st": 0,
      "ind": 4,
      "hix": 5,
      "ks": {
        "o": {
          "a": 0,
          "k": 100
        },
        "or": {
          "a": 0,
          "k": [
            0,
            0,
            0
          ]
        },
        "a": {
          "a": 0,
          "k": [
            52,
            49.5,
            0
          ]
        },
        "p": {
          "s": true,
          "x": {
            "a": 0,
            "k": 323.1000061035156
          },
          "y": {
            "a": 0,
            "k": 249.5
          }
        },
        "rx": {
          "a": 0,
          "k": 0
        },
        "ry": {
          "a": 0,
          "k": 0
        },
        "rz": {
          "a": 1,
          "k": [
            {
              "t": 0,
              "s": [
                -360
              ],
              "e": [
                -0.5262793349215593
              ],
              "i": {
                "x": [
                  0.355
                ],
                "y": [
                  1
                ]
              },
              "o": {
                "x": [
                  0.645
                ],
                "y": [
                  0.045
                ]
              }
            },
            {
              "t": 56
            }
          ]
        },
        "s": {
          "a": 0,
          "k": [
            100,
            100,
            100
          ]
        }
      },
      "shapes": [],
      "op": 81
    },
    {
      "ty": 4,
      "nm": "heart icon",
      "ip": 0,
      "st": 0,
      "ind": 3,
      "hix": 4,
      "ks": {
        "o": {
          "a": 0,
          "k": 100
        },
        "or": {
          "a": 0,
          "k": [
            0,
            0,
            0
          ]
        },
        "a": {
          "a": 0,
          "k": [
            52,
            49.5,
            0
          ]
        },
        "p": {
          "s": true,
          "x": {
            "a": 0,
            "k": 323.1000061035156
          },
          "y": {
            "a": 0,
            "k": 249.5
          }
        },
        "rx": {
          "a": 0,
          "k": 0
        },
        "ry": {
          "a": 0,
          "k": 0
        },
        "rz": {
          "a": 1,
          "k": [
            {
              "t": 0,
              "s": [
                -360
              ],
              "e": [
                -360
              ],
              "i": {
                "x": [
                  0.355
                ],
                "y": [
                  1
                ]
              },
              "o": {
                "x": [
                  0.645
                ],
                "y": [
                  0.045
                ]
              }
            },
            {
              "t": 9,
              "s": [
                -360
              ],
              "e": [
                -0.5262793349215593
              ],
              "i": {
                "x": [
                  0.355
                ],
                "y": [
                  1
                ]
              },
              "o": {
                "x": [
                  0.645
                ],
                "y": [
                  0.045
                ]
              }
            },
            {
              "t": 65
            }
          ]
        },
        "s": {
          "a": 0,
          "k": [
            100,
            100,
            100
          ]
        }
      },
      "shapes": [],
      "op": 81
    },
    {
      "ty": 4,
      "nm": "heart icon",
      "ip": 0,
      "st": 0,
      "ind": 2,
      "hix": 3,
      "ks": {
        "o": {
          "a": 0,
          "k": 100
        },
        "or": {
          "a": 0,
          "k": [
            0,
            0,
            0
          ]
        },
        "a": {
          "a": 0,
          "k": [
            52,
            49.5,
            0
          ]
        },
        "p": {
          "s": true,
          "x": {
            "a": 0,
            "k": 323.1000061035156
          },
          "y": {
            "a": 0,
            "k": 249.5
          }
        },
        "rx": {
          "a": 0,
          "k": 0
        },
        "ry": {
          "a": 0,
          "k": 0
        },
        "rz": {
          "a": 1,
          "k": [
            {
              "t": 0,
              "s": [
                -360
              ],
              "e": [
                -360
              ],
              "i": {
                "x": [
                  0.355
                ],
                "y": [
                  1
                ]
              },
              "o": {
                "x": [
                  0.645
                ],
                "y": [
                  0.045
                ]
              }
            },
            {
              "t": 17,
              "s": [
                -360
              ],
              "e": [
                -0.5262793349215593
              ],
              "i": {
                "x": [
                  0.355
                ],
                "y": [
                  1
                ]
              },
              "o": {
                "x": [
                  0.645
                ],
                "y": [
                  0.045
                ]
              }
            },
            {
              "t": 73
            }
          ]
        },
        "s": {
          "a": 0,
          "k": [
            100,
            100,
            100
          ]
        }
      },
      "shapes": [],
      "op": 81
    },
    {
      "ty": 4,
      "nm": "heart icon",
      "ip": 0,
      "st": 0,
      "ind": 1,
      "hix": 2,
      "ks": {
        "o": {
          "a": 0,
          "k": 100
        },
        "or": {
          "a": 0,
          "k": [
            0,
            0,
            0
          ]
        },
        "a": {
          "a": 0,
          "k": [
            52,
            49.5,
            0
          ]
        },
        "p": {
          "s": true,
          "x": {
            "a": 0,
            "k": 323.1000061035156
          },
          "y": {
            "a": 0,
            "k": 249.5
          }
        },
        "rx": {
          "a": 0,
          "k": 0
        },
        "ry": {
          "a": 0,
          "k": 0
        },
        "rz": {
          "a": 1,
          "k": [
            {
              "t": 0,
              "s": [
                -360
              ],
              "e": [
                -360
              ],
              "i": {
                "x": [
                  0.355
                ],
                "y": [
                  1
                ]
              },
              "o": {
                "x": [
                  0.645
                ],
                "y": [
                  0.045
                ]
              }
            },
            {
              "t": 25,
              "s": [
                -360
              ],
              "e": [
                -0.5262793349215593
              ],
              "i": {
                "x": [
                  0.355
                ],
                "y": [
                  1
                ]
              },
              "o": {
                "x": [
                  0.645
                ],
                "y": [
                  0.045
                ]
              }
            },
            {
              "t": 81
            }
          ]
        },
        "s": {
          "a": 0,
          "k": [
            100,
            100,
            100
          ]
        }
      },
      "shapes": [],
      "op": 81
    },
    {
      "ty": 4,
      "ip": 0,
      "st": 0,
      "ind": 0,
      "hix": 1,
      "ks": {
        "o": {
          "a": 0,
          "k": 100
        },
        "or": {
          "a": 0,
          "k": [
            0,
            0,
            0
          ]
        },
        "a": {
          "a": 0,
          "k": [
            0,
            0,
            0
          ]
        },
        "p": {
          "a": 0,
          "k": [
            0,
            0,
            0
          ]
        },
        "rx": {
          "a": 0,
          "k": 0
        },
        "ry": {
          "a": 0,
          "k": 0
        },
        "rz": {
          "a": 0,
          "k": 0
        },
        "s": {
          "a": 0,
          "k": [
            100,
            100,
            100
          ]
        }
      },
      "shapes": [
        {
          "ty": "gr",
          "it": [
            {
              "ty": "rc",
              "r": {
                "a": 0,
                "k": 0
              },
              "s": {
                "a": 0,
                "k": [
                  550,
                  400
                ]
              },
              "p": {
                "a": 0,
                "k": [
                  275,
                  200
                ]
              }
            },
            {
              "ty": "st",
              "o": {
                "a": 0,
                "k": 0
              },
              "w": {
                "a": 0,
                "k": 0
              },
              "c": {
                "a": 0,
                "k": [
                  0,
                  0,
                  0,
                  0
                ]
              },
              "lc": 3,
              "lj": 1
            },
            {
              "ty": "fl",
              "o": {
                "a": 0,
                "k": 100
              },
              "r": 1,
              "c": {
                "a": 0,
                "k": [
                  0.9294117647058824,
                  0.9803921568627451,
                  0.9921568627450981,
                  1
                ]
              }
            },
            {
              "ty": "tr",
              "o": {
                "a": 0,
                "k": 100
              },
              "a": {
                "a": 0,
                "k": [
                  0,
                  0
                ]
              },
              "s": {
                "a": 0,
                "k": [
                  100,
                  100
                ]
              },
              "p": {
                "a": 0,
                "k": [
                  0,
                  0
                ]
              },
              "r": {
                "a": 0,
                "k": 0
              }
            }
          ]
        }
      ],
      "op": 81
    }
  ],
  "op": 81,
  "w": 550,
  "h": 400
}